Testing model predictions...
======================================================================

1. REAL NON-FRAUD TRANSACTION:
   Amount: $149.62
   Fraud Probability: 0.0000 (0.00%)
   Prediction: LEGITIMATE

2. REAL FRAUD TRANSACTION:
   Amount: $0.00
   Fraud Probability: 0.9998 (99.98%)
   Prediction: FRAUD

3. WEB UI SIMULATION (Amount: 150, Time: 3000):
   Amount: $150.00
   Fraud Probability: 0.0000 (0.00%)
   Prediction: LEGITIMATE

4. HIGH AMOUNT TRANSACTION (Amount: 5000, Time: 10000):
   Amount: $5000.00
   Fraud Probability: 0.0000 (0.00%)
   Prediction: LEGITIMATE

======================================================================
Analysis:
- If web UI always shows 0.0%, the V-features might be too similar
- Model may be very conservative (low false positive rate)
- Could adjust web UI to use more varied V-feature samples
